[2025-06-19 15:38:31] 🚀 Allowlist 업데이트 시작
[2025-06-19 15:38:31] 📁 .env 파일 로드됨
[2025-06-19 15:38:31] 🔧 Node.js 스크립트 실행 중...

> guild@1.0.0 start
> node dist/app.js

[mysql] Database connection initialized successfully
Unique User Wallets: [
  '0x002e8f00776aa856eb448008edd822be8653aafc',
  '0x004b0183c3121d78b95769bc2651b9e4d6029094',
  '0x005b91ef76c325c19a3a2106b9ef5b508b12f219',
  '0x00939c539f87c110b3abe09e8ac70fd672429b1f',
  '0x0136688a062e2f3aa639b730fab0804d981a0b08',
  '0x015888fbd4328c7fb689892882f2f81a372c064e',
  '0x018dfd674b645f2aa3e59ad0451b5bb374bae079',
  '0x01acff519781102e98d7b96767f9a5e21e3f748a',
  '0x01c326bf0a31cc967c3c29f81389e5b2040b2ae9',
  '0x01e1bbf6924c1a2d3868e2df74b2a3da1f21174f',
  '0x01e37a3ffa8b9621f75e00f910dc9ff7505b2c59',
  '0x01fb194c3c57d996b3d67a90cf2d2738b578ac54',
  '0x0242ed888abf47b3f721d1c0eeebb270e7e4718a',
  '0x0270a56f19693f22ca81994d0c7d5e0ad333fc56',
  '0x0288078e8d8b49693206de82d426edf91e665851',
  '0x02c4f9f008a5fa78aa0ef8d1e454dcb233b33e6d',
  '0x0338925d82ebcd57176c8a159a6fdfba84033965',
  '0x03547a02689a8af600777db67df0e147a2592c14',
  '0x03c1edda243f1ac94c41577fe63ba5c77b9e7bb3',
  '0x04d7acda6dee741523fa258656c5d82f6c6a012a',
  '0x04e8f3d97145ae94f803171df662e4260af639f6',
  '0x0504700ea8e1dca04cdba752d4fbca10d0d82c2c',
  '0x0534a6228ab23a8965744ea164a9c1a33314c017',
  '0x053cdfac4b1201b0783d3ba90f42557453b19cd0',
  '0x053f8b8c036b28c27f93934878b41124e1545aae',
  '0x056f204535059a62d13c4cec88299ac6633973a0',
  '0x059d73d4277a6b0ec1b76f16826424ac6d1e42ad',
  '0x07299b94c1acddbefd3f5bfbca6181b72d3a241e',
  '0x07c5ed8f5826be13b108aab3d3e8aa65f17de0a1',
  '0x07e2e722f9b6a746e9f0cb7c565a5529bd521828',
  '0x07e86d4698085b969cf1252569347667e5dbadc7',
  '0x08ca6c14ef72c472a27df93e9cf0635406e0210b',
  '0x08dabbfb9392a5179328754db5d965e9a780e109',
  '0x08ddc4f7380c4572e42ab745742e4a7eb74efb37',
  '0x08e2d1a35646f740d8e767ef4f20e5c42b65e496',
  '0x08e4c0550e40afef4786c2c3ad27ca2f5a00cb49',
  '0x090bbaf2a641008a5db5ce70684c075b6a789333',
  '0x0923b4f150af0e52b9b9fe1cc217367556c12d21',
  '0x095e01919633b477923e0c4345c6b3d61be816bb',
  '0x099951b745635d01c0bdcddad4fae66de143b061',
  '0x099b02555cf58bc6fe094d05bc23ede1ec3837ee',
  '0x099d430e077c3df92cc1af21dd5c069823ba5f1f',
  '0x09ad2585c9e7bb19bc1b3b1e08876ca92063171d',
  '0x09b099c5e79706af4b9b5854a54c9f7c9e9b9370',
  '0x09bd36df3b3a36a9cd113d647db439e9a60dcb12',
  '0x09e26c019b9c32d07a55d07b107b50af17159e41',
  '0x09f2c59ede9d2e5a53e709d4ea22d33f8b85efc5',
  '0x0a227b850423814a9796e46959afa5a5ef82eef7',
  '0x0a288c7690c6c1272d1a23a4b719d16a53dc8c10',
  '0x0a42ef9966373c2f4da26fa291213c3955ef44c1',
  '0x0a5f82716d743000112ee18725181ed9916151df',
  '0x0aae01523b29427f7cdecd26a6d0ebace6166fe4',
  '0x0b2710e614107f6d9c4088e4fe9543287a6a5e86',
  '0x0b67fa5357f53127c0f5307fcf113566381a6abe',
  '0x0b685cda617da9e6ec79fffb508e971fbf9c702b',
  '0x0b950afc9408368fc442a100ed769aca1d3ac075',
  '0x0bd9695fbe823147c240e17eba4b97776bcf63e2',
  '0x0bebe539a8fbc83d0910be1dd801f62f9a10e185',
  '0x0c5eb8499267f9f72c85fadd6f10e90dfc2581e2',
  '0x0d1de631f8df8ea1d8fd35226ce216ea6b93c6be',
  '0x0d263e97284191c847cadf60a5e16303a89051fc',
  '0x0d9ea81de1d89870cea50ee1089d7d8fa885dedd',
  '0x0df09fdbfdb934db7bb13b3797c9054b88308ada',
  '0x0e0c8b0da3aa74d7b4f82f5604e4707110659e0b',
  '0x0ed15634e94afec94e691925173b0bfdcdfe4e7a',
  '0x0f1be66bb5c42b11f72bcfa5dbf8a02be67eecee',
  '0x0f24a8fb9e18d2fc1dbef685ace977fc0e983a6e',
  '0x0f3dc25d3381f5bd48d0ee9bcef1cbb6236c4d13',
  '0x0f734c8fc2c833c631e9f16bbddff55cd4491d14',
  '0x0f9ead4ef7ee09d4320568e3d0758a73a00c4ce2',
  '0x0fb2050aaecba4a7634aad1f9f30132761bfa8c8',
  '0x109cb03119f5474c0338af6e396018c9e189b164',
  '0x10e46392b13c282e73b9672e1cd48312a491b1e9',
  '0x1117a8e0b37a0fb1d178d82def76ca719e29967a',
  '0x1122e79730b42b8810fd459b2ff708c848109a4f',
  '0x11949c33d6a64bf639571f1a842c71ebd280993c',
  '0x11a6ac720da04f8a1ce62249067fc66902b45221',
  '0x121c372d74579f54c00080d99ba00be51fc97ea1',
  '0x121c8e2bc6bd5fcd492b49ed12d7e01ffaff911b',
  '0x123f3cf72c29ae6c7ee4076289756228a3defbb5',
  '0x1251d95eec6dd2cdab0574dc6153c89db4d51965',
  '0x12bae9e9946fae10325c7bf84fb6669e538a2465',
  '0x12e824966b0f1a9677e061922d3ab5bdb369c712',
  '0x13003cdad0eedf37145b13a3512f9452bb98f481',
  '0x130b642f05ba85cfda4874e4702e3af76299ca0c',
  '0x13472aa0847dc4242bbbcdb8ded934a14cbce1ac',
  '0x13642784a51eb004429c9a7f00efee3a19c328e7',
  '0x136e6dd49034592667e6ddb05cd9d48086600695',
  '0x137f9c19965fa43b9503beacf201a7141df06a5d',
  '0x13b11226ad62539a328e112076acfca6fd413f9d',
  '0x13eaa83202ef8d0fd1a16dac14466be2812018b8',
  '0x13f03a01f0b901b4abc9a38082a8ac5f0445554a',
  '0x14ab4062aed8becbc9df31c3fc6a1276828b5e45',
  '0x14aca734123fa412855e0b80a33142090a582a54',
  '0x14c5503c65f2d776f34c552d0449db8b270ce237',
  '0x14f7b8f8cfd38c87a70c40f678b65b553487d75d',
  '0x152755df9237e4559e5ec5f2b178e14a2beec3da',
  '0x15e9be5e8137808903a66182a3619ec755deeb63',
  '0x1619c3f07ee67bf111c1e49779f828ef62d7b342',
  '0x16eca8020104964618599b9397158f725515f3ac',
  ... 936 more items
]
Guild SDK initialized
Try to update Allowlist with Staking Info...
🛠️ Current Allowlist Get Started
Current Allowlist: [
  '0x002e8f00776aa856eb448008edd822be8653aafc',
  '0x004b0183c3121d78b95769bc2651b9e4d6029094',
  '0x005b91ef76c325c19a3a2106b9ef5b508b12f219',
  '0x00939c539f87c110b3abe09e8ac70fd672429b1f',
  '0x0136688a062e2f3aa639b730fab0804d981a0b08',
  '0x015888fbd4328c7fb689892882f2f81a372c064e',
  '0x018dfd674b645f2aa3e59ad0451b5bb374bae079',
  '0x01acff519781102e98d7b96767f9a5e21e3f748a',
  '0x01c326bf0a31cc967c3c29f81389e5b2040b2ae9',
  '0x01e1bbf6924c1a2d3868e2df74b2a3da1f21174f',
  '0x01e37a3ffa8b9621f75e00f910dc9ff7505b2c59',
  '0x01fb194c3c57d996b3d67a90cf2d2738b578ac54',
  '0x0242ed888abf47b3f721d1c0eeebb270e7e4718a',
  '0x0270a56f19693f22ca81994d0c7d5e0ad333fc56',
  '0x0288078e8d8b49693206de82d426edf91e665851',
  '0x02c4f9f008a5fa78aa0ef8d1e454dcb233b33e6d',
  '0x0338925d82ebcd57176c8a159a6fdfba84033965',
  '0x03547a02689a8af600777db67df0e147a2592c14',
  '0x03c1edda243f1ac94c41577fe63ba5c77b9e7bb3',
  '0x04d7acda6dee741523fa258656c5d82f6c6a012a',
  '0x04e8f3d97145ae94f803171df662e4260af639f6',
  '0x0504700ea8e1dca04cdba752d4fbca10d0d82c2c',
  '0x0534a6228ab23a8965744ea164a9c1a33314c017',
  '0x053cdfac4b1201b0783d3ba90f42557453b19cd0',
  '0x053f8b8c036b28c27f93934878b41124e1545aae',
  '0x056f204535059a62d13c4cec88299ac6633973a0',
  '0x059d73d4277a6b0ec1b76f16826424ac6d1e42ad',
  '0x07299b94c1acddbefd3f5bfbca6181b72d3a241e',
  '0x07c5ed8f5826be13b108aab3d3e8aa65f17de0a1',
  '0x07e2e722f9b6a746e9f0cb7c565a5529bd521828',
  '0x07e86d4698085b969cf1252569347667e5dbadc7',
  '0x08ca6c14ef72c472a27df93e9cf0635406e0210b',
  '0x08dabbfb9392a5179328754db5d965e9a780e109',
  '0x08ddc4f7380c4572e42ab745742e4a7eb74efb37',
  '0x08e2d1a35646f740d8e767ef4f20e5c42b65e496',
  '0x08e4c0550e40afef4786c2c3ad27ca2f5a00cb49',
  '0x090bbaf2a641008a5db5ce70684c075b6a789333',
  '0x0923b4f150af0e52b9b9fe1cc217367556c12d21',
  '0x095e01919633b477923e0c4345c6b3d61be816bb',
  '0x099951b745635d01c0bdcddad4fae66de143b061',
  '0x099b02555cf58bc6fe094d05bc23ede1ec3837ee',
  '0x099d430e077c3df92cc1af21dd5c069823ba5f1f',
  '0x09ad2585c9e7bb19bc1b3b1e08876ca92063171d',
  '0x09b099c5e79706af4b9b5854a54c9f7c9e9b9370',
  '0x09bd36df3b3a36a9cd113d647db439e9a60dcb12',
  '0x09e26c019b9c32d07a55d07b107b50af17159e41',
  '0x09f2c59ede9d2e5a53e709d4ea22d33f8b85efc5',
  '0x0a227b850423814a9796e46959afa5a5ef82eef7',
  '0x0a288c7690c6c1272d1a23a4b719d16a53dc8c10',
  '0x0a42ef9966373c2f4da26fa291213c3955ef44c1',
  '0x0a5f82716d743000112ee18725181ed9916151df',
  '0x0aae01523b29427f7cdecd26a6d0ebace6166fe4',
  '0x0b2710e614107f6d9c4088e4fe9543287a6a5e86',
  '0x0b67fa5357f53127c0f5307fcf113566381a6abe',
  '0x0b685cda617da9e6ec79fffb508e971fbf9c702b',
  '0x0b950afc9408368fc442a100ed769aca1d3ac075',
  '0x0bd9695fbe823147c240e17eba4b97776bcf63e2',
  '0x0bebe539a8fbc83d0910be1dd801f62f9a10e185',
  '0x0c5eb8499267f9f72c85fadd6f10e90dfc2581e2',
  '0x0d1de631f8df8ea1d8fd35226ce216ea6b93c6be',
  '0x0d263e97284191c847cadf60a5e16303a89051fc',
  '0x0d9ea81de1d89870cea50ee1089d7d8fa885dedd',
  '0x0df09fdbfdb934db7bb13b3797c9054b88308ada',
  '0x0e0c8b0da3aa74d7b4f82f5604e4707110659e0b',
  '0x0ed15634e94afec94e691925173b0bfdcdfe4e7a',
  '0x0f1be66bb5c42b11f72bcfa5dbf8a02be67eecee',
  '0x0f24a8fb9e18d2fc1dbef685ace977fc0e983a6e',
  '0x0f3dc25d3381f5bd48d0ee9bcef1cbb6236c4d13',
  '0x0f734c8fc2c833c631e9f16bbddff55cd4491d14',
  '0x0f9ead4ef7ee09d4320568e3d0758a73a00c4ce2',
  '0x0fb2050aaecba4a7634aad1f9f30132761bfa8c8',
  '0x109cb03119f5474c0338af6e396018c9e189b164',
  '0x10e46392b13c282e73b9672e1cd48312a491b1e9',
  '0x1117a8e0b37a0fb1d178d82def76ca719e29967a',
  '0x1122e79730b42b8810fd459b2ff708c848109a4f',
  '0x11949c33d6a64bf639571f1a842c71ebd280993c',
  '0x11a6ac720da04f8a1ce62249067fc66902b45221',
  '0x121c372d74579f54c00080d99ba00be51fc97ea1',
  '0x121c8e2bc6bd5fcd492b49ed12d7e01ffaff911b',
  '0x123f3cf72c29ae6c7ee4076289756228a3defbb5',
  '0x1251d95eec6dd2cdab0574dc6153c89db4d51965',
  '0x12bae9e9946fae10325c7bf84fb6669e538a2465',
  '0x12e824966b0f1a9677e061922d3ab5bdb369c712',
  '0x13003cdad0eedf37145b13a3512f9452bb98f481',
  '0x130b642f05ba85cfda4874e4702e3af76299ca0c',
  '0x13472aa0847dc4242bbbcdb8ded934a14cbce1ac',
  '0x13642784a51eb004429c9a7f00efee3a19c328e7',
  '0x136e6dd49034592667e6ddb05cd9d48086600695',
  '0x137f9c19965fa43b9503beacf201a7141df06a5d',
  '0x13b11226ad62539a328e112076acfca6fd413f9d',
  '0x13eaa83202ef8d0fd1a16dac14466be2812018b8',
  '0x13f03a01f0b901b4abc9a38082a8ac5f0445554a',
  '0x14ab4062aed8becbc9df31c3fc6a1276828b5e45',
  '0x14aca734123fa412855e0b80a33142090a582a54',
  '0x14c5503c65f2d776f34c552d0449db8b270ce237',
  '0x14f7b8f8cfd38c87a70c40f678b65b553487d75d',
  '0x152755df9237e4559e5ec5f2b178e14a2beec3da',
  '0x15e9be5e8137808903a66182a3619ec755deeb63',
  '0x1619c3f07ee67bf111c1e49779f828ef62d7b342',
  '0x16eca8020104964618599b9397158f725515f3ac',
  ... 936 more items
]
📊 Address Summary:
   - Current allowlist: 1036 addresses
   - New staking addresses: 1036 addresses
   - Combined total: 1036 addresses
✅ No changes detected in allowlist. Skipping update.
[2025-06-19 15:45:08] 🚀 Allowlist 업데이트 시작
[2025-06-19 15:45:08] 📁 .env 파일 로드됨
[2025-06-19 15:45:08] 🔧 Node.js 스크립트 실행 중...

> guild@1.0.0 start
> node dist/app.js

[mysql] Database connection initialized successfully
Unique User Wallets: [
  '0x002e8f00776aa856eb448008edd822be8653aafc',
  '0x004b0183c3121d78b95769bc2651b9e4d6029094',
  '0x005b91ef76c325c19a3a2106b9ef5b508b12f219',
  '0x00939c539f87c110b3abe09e8ac70fd672429b1f',
  '0x0136688a062e2f3aa639b730fab0804d981a0b08',
  '0x015888fbd4328c7fb689892882f2f81a372c064e',
  '0x018dfd674b645f2aa3e59ad0451b5bb374bae079',
  '0x01acff519781102e98d7b96767f9a5e21e3f748a',
  '0x01c326bf0a31cc967c3c29f81389e5b2040b2ae9',
  '0x01e1bbf6924c1a2d3868e2df74b2a3da1f21174f',
  '0x01e37a3ffa8b9621f75e00f910dc9ff7505b2c59',
  '0x01fb194c3c57d996b3d67a90cf2d2738b578ac54',
  '0x0242ed888abf47b3f721d1c0eeebb270e7e4718a',
  '0x0270a56f19693f22ca81994d0c7d5e0ad333fc56',
  '0x0288078e8d8b49693206de82d426edf91e665851',
  '0x02c4f9f008a5fa78aa0ef8d1e454dcb233b33e6d',
  '0x0338925d82ebcd57176c8a159a6fdfba84033965',
  '0x03547a02689a8af600777db67df0e147a2592c14',
  '0x03c1edda243f1ac94c41577fe63ba5c77b9e7bb3',
  '0x04d7acda6dee741523fa258656c5d82f6c6a012a',
  '0x04e8f3d97145ae94f803171df662e4260af639f6',
  '0x0504700ea8e1dca04cdba752d4fbca10d0d82c2c',
  '0x0534a6228ab23a8965744ea164a9c1a33314c017',
  '0x053cdfac4b1201b0783d3ba90f42557453b19cd0',
  '0x053f8b8c036b28c27f93934878b41124e1545aae',
  '0x056f204535059a62d13c4cec88299ac6633973a0',
  '0x059d73d4277a6b0ec1b76f16826424ac6d1e42ad',
  '0x07299b94c1acddbefd3f5bfbca6181b72d3a241e',
  '0x07c5ed8f5826be13b108aab3d3e8aa65f17de0a1',
  '0x07e2e722f9b6a746e9f0cb7c565a5529bd521828',
  '0x07e86d4698085b969cf1252569347667e5dbadc7',
  '0x08ca6c14ef72c472a27df93e9cf0635406e0210b',
  '0x08dabbfb9392a5179328754db5d965e9a780e109',
  '0x08ddc4f7380c4572e42ab745742e4a7eb74efb37',
  '0x08e2d1a35646f740d8e767ef4f20e5c42b65e496',
  '0x08e4c0550e40afef4786c2c3ad27ca2f5a00cb49',
  '0x090bbaf2a641008a5db5ce70684c075b6a789333',
  '0x0923b4f150af0e52b9b9fe1cc217367556c12d21',
  '0x095e01919633b477923e0c4345c6b3d61be816bb',
  '0x099951b745635d01c0bdcddad4fae66de143b061',
  '0x099b02555cf58bc6fe094d05bc23ede1ec3837ee',
  '0x099d430e077c3df92cc1af21dd5c069823ba5f1f',
  '0x09ad2585c9e7bb19bc1b3b1e08876ca92063171d',
  '0x09b099c5e79706af4b9b5854a54c9f7c9e9b9370',
  '0x09bd36df3b3a36a9cd113d647db439e9a60dcb12',
  '0x09e26c019b9c32d07a55d07b107b50af17159e41',
  '0x09f2c59ede9d2e5a53e709d4ea22d33f8b85efc5',
  '0x0a227b850423814a9796e46959afa5a5ef82eef7',
  '0x0a288c7690c6c1272d1a23a4b719d16a53dc8c10',
  '0x0a42ef9966373c2f4da26fa291213c3955ef44c1',
  '0x0a5f82716d743000112ee18725181ed9916151df',
  '0x0aae01523b29427f7cdecd26a6d0ebace6166fe4',
  '0x0b2710e614107f6d9c4088e4fe9543287a6a5e86',
  '0x0b67fa5357f53127c0f5307fcf113566381a6abe',
  '0x0b685cda617da9e6ec79fffb508e971fbf9c702b',
  '0x0b950afc9408368fc442a100ed769aca1d3ac075',
  '0x0bd9695fbe823147c240e17eba4b97776bcf63e2',
  '0x0bebe539a8fbc83d0910be1dd801f62f9a10e185',
  '0x0c5eb8499267f9f72c85fadd6f10e90dfc2581e2',
  '0x0d1de631f8df8ea1d8fd35226ce216ea6b93c6be',
  '0x0d263e97284191c847cadf60a5e16303a89051fc',
  '0x0d9ea81de1d89870cea50ee1089d7d8fa885dedd',
  '0x0df09fdbfdb934db7bb13b3797c9054b88308ada',
  '0x0e0c8b0da3aa74d7b4f82f5604e4707110659e0b',
  '0x0ed15634e94afec94e691925173b0bfdcdfe4e7a',
  '0x0f1be66bb5c42b11f72bcfa5dbf8a02be67eecee',
  '0x0f24a8fb9e18d2fc1dbef685ace977fc0e983a6e',
  '0x0f3dc25d3381f5bd48d0ee9bcef1cbb6236c4d13',
  '0x0f734c8fc2c833c631e9f16bbddff55cd4491d14',
  '0x0f9ead4ef7ee09d4320568e3d0758a73a00c4ce2',
  '0x0fb2050aaecba4a7634aad1f9f30132761bfa8c8',
  '0x109cb03119f5474c0338af6e396018c9e189b164',
  '0x10e46392b13c282e73b9672e1cd48312a491b1e9',
  '0x1117a8e0b37a0fb1d178d82def76ca719e29967a',
  '0x1122e79730b42b8810fd459b2ff708c848109a4f',
  '0x11949c33d6a64bf639571f1a842c71ebd280993c',
  '0x11a6ac720da04f8a1ce62249067fc66902b45221',
  '0x121c372d74579f54c00080d99ba00be51fc97ea1',
  '0x121c8e2bc6bd5fcd492b49ed12d7e01ffaff911b',
  '0x123f3cf72c29ae6c7ee4076289756228a3defbb5',
  '0x1251d95eec6dd2cdab0574dc6153c89db4d51965',
  '0x12bae9e9946fae10325c7bf84fb6669e538a2465',
  '0x12e824966b0f1a9677e061922d3ab5bdb369c712',
  '0x13003cdad0eedf37145b13a3512f9452bb98f481',
  '0x130b642f05ba85cfda4874e4702e3af76299ca0c',
  '0x13472aa0847dc4242bbbcdb8ded934a14cbce1ac',
  '0x13642784a51eb004429c9a7f00efee3a19c328e7',
  '0x136e6dd49034592667e6ddb05cd9d48086600695',
  '0x137f9c19965fa43b9503beacf201a7141df06a5d',
  '0x13b11226ad62539a328e112076acfca6fd413f9d',
  '0x13eaa83202ef8d0fd1a16dac14466be2812018b8',
  '0x13f03a01f0b901b4abc9a38082a8ac5f0445554a',
  '0x14ab4062aed8becbc9df31c3fc6a1276828b5e45',
  '0x14aca734123fa412855e0b80a33142090a582a54',
  '0x14c5503c65f2d776f34c552d0449db8b270ce237',
  '0x14f7b8f8cfd38c87a70c40f678b65b553487d75d',
  '0x152755df9237e4559e5ec5f2b178e14a2beec3da',
  '0x15e9be5e8137808903a66182a3619ec755deeb63',
  '0x1619c3f07ee67bf111c1e49779f828ef62d7b342',
  '0x16eca8020104964618599b9397158f725515f3ac',
  ... 936 more items
]
Guild SDK initialized
Try to update Allowlist with Staking Info...
🛠️ Current Allowlist Get Started
Current Allowlist: [
  '0x002e8f00776aa856eb448008edd822be8653aafc',
  '0x004b0183c3121d78b95769bc2651b9e4d6029094',
  '0x005b91ef76c325c19a3a2106b9ef5b508b12f219',
  '0x00939c539f87c110b3abe09e8ac70fd672429b1f',
  '0x0136688a062e2f3aa639b730fab0804d981a0b08',
  '0x015888fbd4328c7fb689892882f2f81a372c064e',
  '0x018dfd674b645f2aa3e59ad0451b5bb374bae079',
  '0x01acff519781102e98d7b96767f9a5e21e3f748a',
  '0x01c326bf0a31cc967c3c29f81389e5b2040b2ae9',
  '0x01e1bbf6924c1a2d3868e2df74b2a3da1f21174f',
  '0x01e37a3ffa8b9621f75e00f910dc9ff7505b2c59',
  '0x01fb194c3c57d996b3d67a90cf2d2738b578ac54',
  '0x0242ed888abf47b3f721d1c0eeebb270e7e4718a',
  '0x0270a56f19693f22ca81994d0c7d5e0ad333fc56',
  '0x0288078e8d8b49693206de82d426edf91e665851',
  '0x02c4f9f008a5fa78aa0ef8d1e454dcb233b33e6d',
  '0x0338925d82ebcd57176c8a159a6fdfba84033965',
  '0x03547a02689a8af600777db67df0e147a2592c14',
  '0x03c1edda243f1ac94c41577fe63ba5c77b9e7bb3',
  '0x04d7acda6dee741523fa258656c5d82f6c6a012a',
  '0x04e8f3d97145ae94f803171df662e4260af639f6',
  '0x0504700ea8e1dca04cdba752d4fbca10d0d82c2c',
  '0x0534a6228ab23a8965744ea164a9c1a33314c017',
  '0x053cdfac4b1201b0783d3ba90f42557453b19cd0',
  '0x053f8b8c036b28c27f93934878b41124e1545aae',
  '0x056f204535059a62d13c4cec88299ac6633973a0',
  '0x059d73d4277a6b0ec1b76f16826424ac6d1e42ad',
  '0x07299b94c1acddbefd3f5bfbca6181b72d3a241e',
  '0x07c5ed8f5826be13b108aab3d3e8aa65f17de0a1',
  '0x07e2e722f9b6a746e9f0cb7c565a5529bd521828',
  '0x07e86d4698085b969cf1252569347667e5dbadc7',
  '0x08ca6c14ef72c472a27df93e9cf0635406e0210b',
  '0x08dabbfb9392a5179328754db5d965e9a780e109',
  '0x08ddc4f7380c4572e42ab745742e4a7eb74efb37',
  '0x08e2d1a35646f740d8e767ef4f20e5c42b65e496',
  '0x08e4c0550e40afef4786c2c3ad27ca2f5a00cb49',
  '0x090bbaf2a641008a5db5ce70684c075b6a789333',
  '0x0923b4f150af0e52b9b9fe1cc217367556c12d21',
  '0x095e01919633b477923e0c4345c6b3d61be816bb',
  '0x099951b745635d01c0bdcddad4fae66de143b061',
  '0x099b02555cf58bc6fe094d05bc23ede1ec3837ee',
  '0x099d430e077c3df92cc1af21dd5c069823ba5f1f',
  '0x09ad2585c9e7bb19bc1b3b1e08876ca92063171d',
  '0x09b099c5e79706af4b9b5854a54c9f7c9e9b9370',
  '0x09bd36df3b3a36a9cd113d647db439e9a60dcb12',
  '0x09e26c019b9c32d07a55d07b107b50af17159e41',
  '0x09f2c59ede9d2e5a53e709d4ea22d33f8b85efc5',
  '0x0a227b850423814a9796e46959afa5a5ef82eef7',
  '0x0a288c7690c6c1272d1a23a4b719d16a53dc8c10',
  '0x0a42ef9966373c2f4da26fa291213c3955ef44c1',
  '0x0a5f82716d743000112ee18725181ed9916151df',
  '0x0aae01523b29427f7cdecd26a6d0ebace6166fe4',
  '0x0b2710e614107f6d9c4088e4fe9543287a6a5e86',
  '0x0b67fa5357f53127c0f5307fcf113566381a6abe',
  '0x0b685cda617da9e6ec79fffb508e971fbf9c702b',
  '0x0b950afc9408368fc442a100ed769aca1d3ac075',
  '0x0bd9695fbe823147c240e17eba4b97776bcf63e2',
  '0x0bebe539a8fbc83d0910be1dd801f62f9a10e185',
  '0x0c5eb8499267f9f72c85fadd6f10e90dfc2581e2',
  '0x0d1de631f8df8ea1d8fd35226ce216ea6b93c6be',
  '0x0d263e97284191c847cadf60a5e16303a89051fc',
  '0x0d9ea81de1d89870cea50ee1089d7d8fa885dedd',
  '0x0df09fdbfdb934db7bb13b3797c9054b88308ada',
  '0x0e0c8b0da3aa74d7b4f82f5604e4707110659e0b',
  '0x0ed15634e94afec94e691925173b0bfdcdfe4e7a',
  '0x0f1be66bb5c42b11f72bcfa5dbf8a02be67eecee',
  '0x0f24a8fb9e18d2fc1dbef685ace977fc0e983a6e',
  '0x0f3dc25d3381f5bd48d0ee9bcef1cbb6236c4d13',
  '0x0f734c8fc2c833c631e9f16bbddff55cd4491d14',
  '0x0f9ead4ef7ee09d4320568e3d0758a73a00c4ce2',
  '0x0fb2050aaecba4a7634aad1f9f30132761bfa8c8',
  '0x109cb03119f5474c0338af6e396018c9e189b164',
  '0x10e46392b13c282e73b9672e1cd48312a491b1e9',
  '0x1117a8e0b37a0fb1d178d82def76ca719e29967a',
  '0x1122e79730b42b8810fd459b2ff708c848109a4f',
  '0x11949c33d6a64bf639571f1a842c71ebd280993c',
  '0x11a6ac720da04f8a1ce62249067fc66902b45221',
  '0x121c372d74579f54c00080d99ba00be51fc97ea1',
  '0x121c8e2bc6bd5fcd492b49ed12d7e01ffaff911b',
  '0x123f3cf72c29ae6c7ee4076289756228a3defbb5',
  '0x1251d95eec6dd2cdab0574dc6153c89db4d51965',
  '0x12bae9e9946fae10325c7bf84fb6669e538a2465',
  '0x12e824966b0f1a9677e061922d3ab5bdb369c712',
  '0x13003cdad0eedf37145b13a3512f9452bb98f481',
  '0x130b642f05ba85cfda4874e4702e3af76299ca0c',
  '0x13472aa0847dc4242bbbcdb8ded934a14cbce1ac',
  '0x13642784a51eb004429c9a7f00efee3a19c328e7',
  '0x136e6dd49034592667e6ddb05cd9d48086600695',
  '0x137f9c19965fa43b9503beacf201a7141df06a5d',
  '0x13b11226ad62539a328e112076acfca6fd413f9d',
  '0x13eaa83202ef8d0fd1a16dac14466be2812018b8',
  '0x13f03a01f0b901b4abc9a38082a8ac5f0445554a',
  '0x14ab4062aed8becbc9df31c3fc6a1276828b5e45',
  '0x14aca734123fa412855e0b80a33142090a582a54',
  '0x14c5503c65f2d776f34c552d0449db8b270ce237',
  '0x14f7b8f8cfd38c87a70c40f678b65b553487d75d',
  '0x152755df9237e4559e5ec5f2b178e14a2beec3da',
  '0x15e9be5e8137808903a66182a3619ec755deeb63',
  '0x1619c3f07ee67bf111c1e49779f828ef62d7b342',
  '0x16eca8020104964618599b9397158f725515f3ac',
  ... 936 more items
]
📊 Address Summary:
   - Current allowlist: 1036 addresses
   - New staking addresses: 1036 addresses
   - Combined total: 1036 addresses
✅ No changes detected in allowlist. Skipping update.
[mysql] Database connection closed
🏁 Process completed successfully
[2025-06-19 15:45:08] ✅ Allowlist 업데이트 완료
